// Jest Snapshot v1, https://goo.gl/fbAQLP

exports[`CartEmpty Component should render with Link 1`] = `
<div
  class="cart cart--empty"
>
  <h2>
    –ö–æ—Ä–∑–∏–Ω–∞ –ø—É—Å—Ç–∞ 
    <i>
      üòï
    </i>
  </h2>
  <p>
    –í–µ—Ä–æ—è—Ç–Ω–µ–π –≤—Å–µ–≥–æ, –≤—ã –Ω–µ –∑–∞–∫–∞–∑—ã–≤–∞–ª–∏ –µ—â—ë –ø–∏—Ü—Ü—É.
    <br />
    –î–ª—è —Ç–æ–≥–æ, —á—Ç–æ–±—ã –∑–∞–∫–∞–∑–∞—Ç—å –ø–∏—Ü—Ü—É, –ø–µ—Ä–µ–π–¥–∏ –Ω–∞ –≥–ª–∞–≤–Ω—É—é —Å—Ç—Ä–∞–Ω–∏—Ü—É.
  </p>
  <img
    alt="Empty cart"
    src="empty-cart.png"
  />
  <a
    class="button button--black"
    href="/"
  >
    <span>
      –í–µ—Ä–Ω—É—Ç—å—Å—è –Ω–∞–∑–∞–¥
    </span>
  </a>
</div>
`;
